

/******************************************************************************************
* WriteStepFile diagnostics.
* Date:                           Thu Mar 28 02:47:19 2024 
* Produced by:                    The EXPRESS Data Manager Version 5.02.0100.07 : 28 Aug 2013
* Module:                         EDMstepFileFactory/EDMstandAlone
* Host:                           DESKTOP-QVM3POU
* Database:                       C:\Users\Dino\AppData\Local\Temp\5bfac33c-fdab-483f-8d43-8e55f2f304db\76839606-1316-4b1f-ad11-59b6ae796ea9\ifc
* Database version:               5507
* Database creation date:         Thu Mar 28 02:47:19 2024
* Model:                          DataRepository.ifc
* Model creation date:            Thu Mar 28 02:47:19 2024
* Header model:                   DataRepository.ifc_HeaderModel
* Header model creation date:     Thu Mar 28 02:47:19 2024
* Step file:                      model1.ifc
* EDMuser:                        sdai-user
* EDMgroup:                       sdai-group
* License ID and type:            5605 : Permanent license. Expiry date: 
* EDMstepFileFactory options:     020000
******************************************************************************************/


------------------------------------------------------------------------------------------------
Operation terminated successfully.
------------------------------------------------------------------------------------------------

